08.03.2026 - 13:05:14 - [TAB v5.5.0] Blocked attempt to add player LandeepSingh into team lkh (expected team: 7LandeepSinghA).
08.03.2026 - 13:05:14 - [TAB v5.5.0] Blocked attempt to add player LandeepSingh into team lkh1 (expected team: 7LandeepSinghA).
08.03.2026 - 13:06:04 - [TAB v5.5.0] Blocked attempt to add player LandeepSingh into team muthal (expected team: 7LandeepSinghA).
08.03.2026 - 13:06:04 - [TAB v5.5.0] Blocked attempt to add player LandeepSingh into team muthal1 (expected team: 7LandeepSinghA).
08.03.2026 - 13:07:04 - [TAB v5.5.0] Blocked attempt to add player LandeepSingh into team champions (expected team: 7LandeepSinghA).
08.03.2026 - 13:07:04 - [TAB v5.5.0] Blocked attempt to add player LandeepSingh into team champions1 (expected team: 7LandeepSinghA).
08.03.2026 - 13:07:24 - [TAB v5.5.0] Blocked attempt to add player Kabir_Dua into team champions1 (expected team: 7Kabir_DuaA).
08.03.2026 - 13:07:53 - [TAB v5.5.0] Blocked attempt to add player LandeepSingh into team champions1 (expected team: 7LandeepSinghA).
08.03.2026 - 13:08:26 - [TAB v5.5.0] Blocked attempt to add player LandeepSingh into team champions1 (expected team: 7LandeepSinghA).
08.03.2026 - 13:09:53 - [TAB v5.5.0] Blocked attempt to add player Kabir_Dua into team champions1 (expected team: 7Kabir_DuaA).
08.03.2026 - 13:09:55 - [TAB v5.5.0] Blocked attempt to add player LandeepSingh into team champions1 (expected team: 7LandeepSinghA).
08.03.2026 - 13:10:14 - [TAB v5.5.0] Blocked attempt to add player Kabir_Dua into team MUTHAL (expected team: 7Kabir_DuaA).
08.03.2026 - 13:10:14 - [TAB v5.5.0] Blocked attempt to add player LandeepSingh into team MUTHAL (expected team: 7LandeepSinghA).
08.03.2026 - 13:15:51 - [TAB v5.5.0] Blocked attempt to add player DARSH_BHALANI into team Noobs (expected team: 7DARSH_BHALANIA).
08.03.2026 - 13:15:51 - [TAB v5.5.0] Blocked attempt to add player DARSH_BHALANI into team Noobs1 (expected team: 7DARSH_BHALANIA).
08.03.2026 - 13:16:08 - [TAB v5.5.0] Blocked attempt to add player INF3RNO_M2V into team Noobs1 (expected team: 7INF3RNO_M2VA).
08.03.2026 - 13:16:21 - [TAB v5.5.0] Blocked attempt to add player Sam60 into team Noobs1 (expected team: 7Sam60A).
08.03.2026 - 13:19:24 - [TAB v5.5.0] Blocked attempt to add player DARSH_BHALANI into team Noobs1 (expected team: 7DARSH_BHALANIA).
08.03.2026 - 13:29:38 - [TAB v5.5.0] Blocked attempt to add player INF3RNO_M2V into team Noobs1 (expected team: 7INF3RNO_M2VA).
08.03.2026 - 13:30:40 - [TAB v5.5.0] Blocked attempt to add player Sam60 into team Noobs1 (expected team: 7Sam60A).
08.03.2026 - 13:43:16 - [TAB v5.5.0] Blocked attempt to add player DARSH_BHALANI into team Noobs1 (expected team: 7DARSH_BHALANIA).
08.03.2026 - 13:56:46 - [TAB v5.5.0] Blocked attempt to add player INF3RNO_M2V into team Noobs1 (expected team: 7INF3RNO_M2VA).
08.03.2026 - 14:02:56 - [TAB v5.5.0] Blocked attempt to add player LandeepSingh into team MUTHAL (expected team: 7LandeepSinghA).
08.03.2026 - 14:17:54 - [TAB v5.5.0] Blocked attempt to add player Sam60 into team Noobs1 (expected team: 7Sam60A).
09.03.2026 - 07:12:32 - [TAB v5.5.0] Blocked attempt to add player DARSH_BHALANI into team Noobs (expected team: 7DARSH_BHALANIA).
09.03.2026 - 07:33:58 - [TAB v5.5.0] Blocked attempt to add player Sam60 into team Noobs (expected team: 7Sam60A).
09.03.2026 - 07:40:15 - [TAB v5.5.0] Blocked attempt to add player DARSH_BHALANI into team Noobs (expected team: 7DARSH_BHALANIA).
09.03.2026 - 07:46:08 - [TAB v5.5.0] Blocked attempt to add player Sam60 into team Noobs (expected team: 7Sam60A).
09.03.2026 - 07:46:10 - [TAB v5.5.0] Blocked attempt to add player DARSH_BHALANI into team Noobs (expected team: 7DARSH_BHALANIA).
09.03.2026 - 10:28:27 - [TAB v5.5.0] Blocked attempt to add player DARSH_BHALANI into team Noobs (expected team: 7DARSH_BHALANIA).
09.03.2026 - 11:28:10 - [TAB v5.5.0] Blocked attempt to add player DARSH_BHALANI into team Noobs (expected team: 7DARSH_BHALANIA).
09.03.2026 - 11:28:19 - [TAB v5.5.0] Blocked attempt to add player Sam60 into team Noobs (expected team: 7Sam60A).
09.03.2026 - 11:28:19 - [TAB v5.5.0] Blocked attempt to add player DARSH_BHALANI into team Noobs (expected team: 7DARSH_BHALANIA).
09.03.2026 - 12:24:38 - [TAB v5.5.0] Blocked attempt to add player LandeepSingh into team MUTHAL (expected team: 7LandeepSinghA).
09.03.2026 - 12:40:36 - [TAB v5.5.0] Blocked attempt to add player INF3RNO_M2V into team Noobs (expected team: 7INF3RNO_M2VA).
09.03.2026 - 13:09:36 - [TAB v5.5.0] Blocked attempt to add player Dark_slayer_XD into team MUTHAL (expected team: 7Dark_slayer_XDA).
09.03.2026 - 13:30:05 - [TAB v5.5.0] Blocked attempt to add player LandeepSingh into team MUTHAL (expected team: 7LandeepSinghA).
09.03.2026 - 13:34:17 - [TAB v5.5.0] Blocked attempt to add player Sam60 into team Noobs (expected team: 7Sam60A).
09.03.2026 - 13:56:37 - [TAB v5.5.0] Blocked attempt to add player Kabir_Dua into team MUTHAL (expected team: 7Kabir_DuaA).
09.03.2026 - 14:19:38 - [TAB v5.5.0] Blocked attempt to add player Dark_slayer_XD into team MUTHAL (expected team: 7Dark_slayer_XDA).
09.03.2026 - 14:29:54 - [TAB v5.5.0] Blocked attempt to add player Sam60 into team Noobs (expected team: 7Sam60A).
10.03.2026 - 07:01:11 - [TAB v5.5.0] Blocked attempt to add player LandeepSingh into team MUTHAL (expected team: 7LandeepSinghA).
10.03.2026 - 08:49:21 - [TAB v5.5.0] Blocked attempt to add player Dark_slayer_XD into team MUTHAL (expected team: 7Dark_slayer_XDA).
10.03.2026 - 08:49:43 - [TAB v5.5.0] Blocked attempt to add player LandeepSingh into team MUTHAL (expected team: 7LandeepSinghA).
10.03.2026 - 09:07:20 - [TAB v5.5.0] Blocked attempt to add player Dark_slayer_XD into team MUTHAL (expected team: 7Dark_slayer_XDA).
10.03.2026 - 09:18:46 - [TAB v5.5.0] Blocked attempt to add player Sam60 into team Noobs (expected team: 7Sam60A).
10.03.2026 - 09:25:17 - [TAB v5.5.0] Blocked attempt to add player DARSH_BHALANI into team Noobs (expected team: 7DARSH_BHALANIA).
10.03.2026 - 10:49:28 - [TAB v5.5.0] Blocked attempt to add player DARSH_BHALANI into team Noobs (expected team: 7DARSH_BHALANIA).
10.03.2026 - 10:50:11 - [TAB v5.5.0] Blocked attempt to add player LandeepSingh into team MUTHAL (expected team: 7LandeepSinghA).
10.03.2026 - 10:50:20 - [TAB v5.5.0] Blocked attempt to add player Sam60 into team Noobs (expected team: 7Sam60A).
10.03.2026 - 10:50:21 - [TAB v5.5.0] Blocked attempt to add player Dark_slayer_XD into team MUTHAL (expected team: 7Dark_slayer_XDA).
10.03.2026 - 11:15:38 - [TAB v5.5.0] Blocked attempt to add player DARSH_BHALANI into team Noobs (expected team: 7DARSH_BHALANIA).
10.03.2026 - 11:16:16 - [TAB v5.5.0] Blocked attempt to add player LandeepSingh into team MUTHAL (expected team: 7LandeepSinghA).
10.03.2026 - 11:19:46 - [TAB v5.5.0] Blocked attempt to add player Sam60 into team Noobs (expected team: 7Sam60A).
10.03.2026 - 11:25:47 - [TAB v5.5.0] Blocked attempt to add player LandeepSingh into team MUTHAL (expected team: 7LandeepSinghA).
11.03.2026 - 09:52:20 - [TAB v5.5.0] Blocked attempt to add player DARSH_BHALANI into team Noobs (expected team: 7DARSH_BHALANIA).
11.03.2026 - 09:56:39 - [TAB v5.5.0] Blocked attempt to add player LandeepSingh into team MUTHAL (expected team: 7LandeepSinghA).
11.03.2026 - 11:58:37 - [TAB v5.5.0] Blocked attempt to add player Sam60 into team Noobs (expected team: 7Sam60A).
12.03.2026 - 08:11:35 - [TAB v5.5.0] Blocked attempt to add player LandeepSingh into team MUTHAL (expected team: 7LandeepSinghA).
12.03.2026 - 08:22:07 - [TAB v5.5.0] Blocked attempt to add player Dark_slayer_XD into team MUTHAL (expected team: 7Dark_slayer_XDA).
12.03.2026 - 09:36:52 - [TAB v5.5.0] Blocked attempt to add player Dark_slayer_XD into team MUTHAL (expected team: 7Dark_slayer_XDA).
12.03.2026 - 09:36:56 - [TAB v5.5.0] Blocked attempt to add player LandeepSingh into team MUTHAL (expected team: 7LandeepSinghA).
12.03.2026 - 10:11:23 - [TAB v5.5.0] Blocked attempt to add player DARSH_BHALANI into team Noobs (expected team: 7DARSH_BHALANIA).
12.03.2026 - 10:11:25 - [TAB v5.5.0] Blocked attempt to add player LandeepSingh into team MUTHAL (expected team: 7LandeepSinghA).
12.03.2026 - 10:11:38 - [TAB v5.5.0] Blocked attempt to add player Dark_slayer_XD into team MUTHAL (expected team: 7Dark_slayer_XDA).
12.03.2026 - 10:11:43 - [TAB v5.5.0] Blocked attempt to add player DARSH_BHALANI into team Noobs (expected team: 7DARSH_BHALANIA).
12.03.2026 - 10:14:45 - [TAB v5.5.0] Blocked attempt to add player INF3RNO_M2V into team Noobs (expected team: 7INF3RNO_M2VA).
12.03.2026 - 10:15:03 - [TAB v5.5.0] Blocked attempt to add player LandeepSingh into team MUTHAL (expected team: 7LandeepSinghA).
12.03.2026 - 12:32:52 - [TAB v5.5.0] Blocked attempt to add player Sam60 into team Noobs (expected team: 7Sam60A).
12.03.2026 - 13:11:49 - [TAB v5.5.0] Blocked attempt to add player Dark_slayer_XD into team MUTHAL (expected team: 7Dark_slayer_XDA).
12.03.2026 - 13:46:10 - [TAB v5.5.0] Blocked attempt to add player Sam60 into team Noobs (expected team: 7Sam60A).
12.03.2026 - 13:51:32 - [TAB v5.5.0] Blocked attempt to add player Dark_slayer_XD into team MUTHAL (expected team: 7Dark_slayer_XDA).
12.03.2026 - 14:07:20 - [TAB v5.5.0] Blocked attempt to add player Sam60 into team Noobs (expected team: 7Sam60A).
12.03.2026 - 15:15:23 - [TAB v5.5.0] Blocked attempt to add player Dark_slayer_XD into team MUTHAL (expected team: 7Dark_slayer_XDA).
12.03.2026 - 15:15:38 - [TAB v5.5.0] Blocked attempt to add player LandeepSingh into team MUTHAL (expected team: 7LandeepSinghA).
13.03.2026 - 07:15:10 - [TAB v5.5.0] Blocked attempt to add player LandeepSingh into team MUTHAL (expected team: 7LandeepSinghA).
13.03.2026 - 07:48:48 - [TAB v5.5.0] Blocked attempt to add player LandeepSingh into team MUTHAL (expected team: 7LandeepSinghA).
13.03.2026 - 08:16:31 - [TAB v5.5.0] Blocked attempt to add player Kabir_Dua into team MUTHAL (expected team: 7Kabir_DuaA).
13.03.2026 - 08:40:28 - [TAB v5.5.0] Blocked attempt to add player Dark_slayer_XD into team MUTHAL (expected team: 7Dark_slayer_XDA).
13.03.2026 - 08:52:31 - [TAB v5.5.0] Blocked attempt to add player Kabir_Dua into team MUTHAL (expected team: 7Kabir_DuaA).
13.03.2026 - 09:09:26 - [TAB v5.5.0] Blocked attempt to add player DARSH_BHALANI into team Noobs (expected team: 7DARSH_BHALANIA).
13.03.2026 - 09:34:35 - [TAB v5.5.0] Blocked attempt to add player Sam60 into team Noobs (expected team: 7Sam60A).
13.03.2026 - 09:39:25 - [TAB v5.5.0] Blocked attempt to add player Kabir_Dua into team MUTHAL (expected team: 7Kabir_DuaA).
13.03.2026 - 10:26:56 - [TAB v5.5.0] Blocked attempt to add player Sam60 into team Noobs (expected team: 7Sam60A).
13.03.2026 - 11:01:08 - [TAB v5.5.0] Blocked attempt to add player LandeepSingh into team MUTHAL (expected team: 7LandeepSinghA).
13.03.2026 - 11:07:30 - [TAB v5.5.0] Blocked attempt to add player Sam60 into team Noobs (expected team: 7Sam60A).
13.03.2026 - 11:10:38 - [TAB v5.5.0] Blocked attempt to add player LandeepSingh into team MUTHAL (expected team: 7LandeepSinghA).
13.03.2026 - 11:27:11 - [TAB v5.5.0] Blocked attempt to add player Sam60 into team Noobs (expected team: 7Sam60A).
